// Jest Snapshot v1, https://goo.gl/fbAQLP

exports[`Pruebas en el componente <CounterApp /> se debe mostrar correctamente <CounterApp /> 1`] = `
<div
  className="App"
>
  <h1>
    100
  </h1>
  <button
    onClick={[Function]}
  >
    increment
  </button>
  <button
    onClick={[Function]}
  >
    Reset
  </button>
  <button
    onClick={[Function]}
  >
    Decrement
  </button>
</div>
`;
